{"author": "golden", "field": "keepwork", "identity": "c99d2ce16b7305ab91c58f36fd294886f7fede3e", "work": "golden2"}